Microsoft (R) Macro Assembler Version 5.10                  9/16/21 16:38:19
                                                             Page     1-1


				; Программа изучения режимов адресации процессора I
				ntelX86
 = 0024				EOL EQU '$'
 = 0002				ind  EQU   2
 = 01F4				n1   EQU  500
 =-0032				n2   EQU  -50
				
				; Стек  программы
 0000				AStack SEGMENT  STACK
 0000  000C[			    DW 12 DUP(?)
	   ????			
			 ]	
				
 0018				AStack  ENDS
				;Данные программы
 0000				DATA      SEGMENT
				;Директивы описания данны
				х
 0000  0000			mem1      DW    0
 0002  0000			mem2      DW    0
 0004  0000			mem3      DW    0
 0006				vec1      DB    
LAB2_RAW.ASM(17): error A2027: Operand expected
 0006				vec2      DB    
LAB2_RAW.ASM(18): error A2027: Operand expected
 0006				matr      DB    
LAB2_RAW.ASM(19): error A2027: Operand expected
 0006				DATA      ENDS
				
				; Код программы
 0000				CODE      SEGMENT
				      ASSUME CS:CODE, DS:DATA, SS:AStack
				
				; Головная процедура
 0000				Main      PROC  FAR
 0000  1E			      push  DS
 0001  2B C0			      sub   AX,AX
 0003  50			      push  AX
 0004  B8 ---- R		      mov   AX,DATA
 0007  8E D8			      mov   DS,AX
				
				;  ПРОВЕРКА РЕЖИМОВ АДРЕСА
				ЦИИ НА УРОВНЕ СМЕЩЕНИЙ
				;  Регистровая адресация
 0009  B8 01F4			        mov  ax,n1
 000C  8B C8			        mov  cx,ax
 000E  B3 24			        mov  bl,EOL
 0010  B7 CE			        mov  bh,n2
				;  Прямая   адресация
 0012  C7 06 0002 R FFCE	        mov  mem2,n2
 0018  BB 0006 R		        mov  bx,OFFSET vec1
 001B  A3 0000 R		        mov  mem1,ax
				;  Косвенная адресация
 001E  8A 07			        mov  al,[bx]
				        mov  mem3,[bx]
LAB2_RAW.ASM(46): error A2052: Improper operand type
				;  Базированная адресация
Microsoft (R) Macro Assembler Version 5.10                  9/16/21 16:38:19
                                                             Page     1-2


 0020  8A 47 03			        mov  al,[bx]+3
 0023  8B 4F 03			        mov  cx,3[bx]
				;  Индексная адресация
 0026  BF 0002			        mov  di,ind
 0029  8A 85 0006 R		        mov  al,vec2[di]
 002D  8B 8D 0006 R		        mov  cx,vec2[di]
LAB2_RAW.ASM(53): warning A4031: Operand types must match
				;  Адресация с базирование
				м и индексированием
 0031  BB 0003			        mov  bx,3
 0034  8A 81 0006 R		        mov  al,matr[bx][di]
 0038  8B 89 0006 R		        mov  cx,matr[bx][di]
LAB2_RAW.ASM(57): warning A4031: Operand types must match
 003C  8B 85 0012 R		        mov  ax,matr[bx*4][di]
LAB2_RAW.ASM(58): error A2055: Illegal register value
				
				;  ПРОВЕРКА РЕЖИМОВ АДРЕСА
				ЦИИ С УЧЕТОМ СЕГМЕНТОВ
				;  Переопределение сегмена
				;  ------ вариант 1
 0040  B8 ---- R		        mov  ax, SEG vec2
 0043  8E C0			        mov  es, ax
 0045  26: 8B 07		        mov  ax, es:[bx]
 0048  B8 0000			        mov  ax, 0
				;  ------ вариант 2
 004B  8E C0			        mov  es, ax
 004D  1E			        push ds
 004E  07			        pop  es
 004F  26: 8B 4F FF		        mov  cx, es:[bx-1]
 0053  91			        xchg cx,ax
				;  ------ вариант 3
 0054  BF 0002			        mov  di,ind
 0057  26: 89 01		        mov  es:[bx+di],ax
				;  ------ вариант 4
 005A  8B EC			        mov  bp,sp
 005C  3E: 8B 86 0006 R		        mov  ax,matr[bp+bx]
LAB2_RAW.ASM(78): error A2046: Multiple base registers
 0061  3E: 8B 83 0006 R		        mov  ax,matr[bp+di+si]
LAB2_RAW.ASM(79): error A2047: Multiple index registers
				;  Использование сегмента 
				стека
 0066  FF 36 0000 R		        push  mem1
 006A  FF 36 0002 R		        push  mem2
 006E  8B EC			        mov   bp,sp
 0070  8B 56 02			        mov   dx,[bp]+2
 0073  CA 0002			        ret   2
 0076				Main      ENDP
LAB2_RAW.ASM(86): error A2006: Phase error between passes
 0076				CODE      ENDS
				END Main
Microsoft (R) Macro Assembler Version 5.10                  9/16/21 16:38:19
                                                             Symbols-1


Segments and Groups:

                N a m e         	Length	 Align	Combine Class

ASTACK . . . . . . . . . . . . .  	0018	PARA	STACK	
CODE . . . . . . . . . . . . . .  	0076	PARA	NONE	
DATA . . . . . . . . . . . . . .  	0006	PARA	NONE	

Symbols:            

                N a m e         	Type	 Value	 Attr

EOL  . . . . . . . . . . . . . .  	NUMBER	0024	

IND  . . . . . . . . . . . . . .  	NUMBER	0002	

MAIN . . . . . . . . . . . . . .  	F PROC	0000	CODE	Length = 0076
MATR . . . . . . . . . . . . . .  	L BYTE	0006	DATA	Length = 0000
MEM1 . . . . . . . . . . . . . .  	L WORD	0000	DATA
MEM2 . . . . . . . . . . . . . .  	L WORD	0002	DATA
MEM3 . . . . . . . . . . . . . .  	L WORD	0004	DATA

N1 . . . . . . . . . . . . . . .  	NUMBER	01F4	
N2 . . . . . . . . . . . . . . .  	NUMBER	-0032	

VEC1 . . . . . . . . . . . . . .  	L BYTE	0006	DATA	Length = 0000
VEC2 . . . . . . . . . . . . . .  	L BYTE	0006	DATA	Length = 0000

@CPU . . . . . . . . . . . . . .  	TEXT  0101h		
@FILENAME  . . . . . . . . . . .  	TEXT  LAB2_RAW		
@VERSION . . . . . . . . . . . .  	TEXT  510		


     88 Source  Lines
     88 Total   Lines
     19 Symbols

  47800 + 459460 Bytes symbol space free

      2 Warning Errors
      8 Severe  Errors
