Microsoft (R) Macro Assembler Version 5.10                  12/12/21 22:36:5
                                                             Page     1-1


 0000				DATA SEGMENT
 0000  78			    sec db 120
 0001  05			    time db 5
 0002  0000			    keep_cs dw 0 ;для хранения се?
				?мента
 0004  0000			    keep_ip dw 0 ;и смещения прер?
				?вания
 0006				DATA ENDS
				
 0000				AStack SEGMENT STACK
 0000  0200[			    DW 512 DUP(?)
	   ????			
			 ]	
				
 0400				AStack ENDS
				
 0000				CODE SEGMENT
				    ASSUME CS:CODE, DS:DATA, SS:AStack
				
 0000				SUBR_INT PROC FAR ;обработка прер?
				?вания
 0000  50			    push ax
				
 0001				    sound_start:
 0001  B0 B6			    	mov al, 10110110b
 0003  E6 43			    	out 43h, al
 0005  B8 1130			    	mov ax, 4400
				    	;устаналиваем частот?
				?
 0008  E6 42			    	out 42h, al
 000A  8A C4			    	mov al, ah
 000C  E6 42			    	out 42h, al
				    	;включаем динамик
 000E  E4 61			    	in  al, 61h     ;текущее сос?
				?ояние порта 61h в AL
 0010  0C 03			    	or  al, 00000011b   ;устанавли
				ваем биты 0 и 1 в 1 (разрешае
				м работу динамика и включ?
				?ть его)
 0012  E6 61			    	out 61h, al ;включаем дина?
				?ик
				
 0014				    timer:
 0014  B4 2C			    	mov ah, 2ch
 0016  CD 21			    	int 21h
 0018  3A 36 0000 R		    	cmp dh, sec
 001C  74 F6			    	je timer
 001E  88 36 0000 R			mov sec, dh
 0022  FE 0E 0001 R			dec time
 0026  75 EC				jnz timer
				
				    ;выключаем динамик
 0028				    sound_end:
 0028  E4 61			    	in  al, 61h
Microsoft (R) Macro Assembler Version 5.10                  12/12/21 22:36:5
                                                             Page     1-2


 002A  24 FC			    	and al, 11111100b   ;обнуляем ?
				?ладшие два бита
 002C  E6 61			    	out 61h, al 
				
 002E  58			    pop ax
 002F  B0 20			    mov al, 20h
 0031  E6 20			    out 20h, al
 0033  CF			    iret
 0034				SUBR_INT ENDP
				
 0034				Main PROC FAR
 0034  1E			    push ds
 0035  2B C0			    sub ax, ax
 0037  50			    push ax
 0038  B8 ---- R		    mov ax, DATA
 003B  8E D8			    mov ds, ax
				
 003D				read_symbol:
 003D  B4 00				mov ah, 0
 003F  CD 16				int 16h
 0041  80 FC 2E				cmp ah, 46 ;скан-код клави?
				?и "C"
 0044  75 F7				jne read_symbol
				    
 0046  B4 35			    mov ah, 35h ;функция получен?
				?я вектора
 0048  B0 16			    mov al, 16h ;номер вектора
 004A  CD 21			    int 21h
 004C  89 1E 0004 R		    mov keep_ip, bx ;запоминание с?
				?ещения
 0050  8C 06 0002 R		    mov keep_cs, es ;и сегмента
				
 0054  1E			    push ds
 0055  BA 0000 R		    mov dx, offset SUBR_INT ;смещение ?
				?ля процедура в DX
 0058  B8 ---- R		    mov ax, seg SUBR_INT ;сегмент про
				цедуры
 005B  8E D8			    mov ds, ax ;помещаем в DS
 005D  B4 25			    mov ah, 25h ;функция установ?
				?и вектора
 005F  B0 16			    mov al, 16h ;номер вектора
 0061  CD 21			    int 21h ;меняем прерывание
 0063  1F			    pop ds
				
 0064  CD 16			    int 16h
				
				    ;восстанавливаем стары?
				? вектор прерывания
 0066  FA			    CLI
 0067  1E			    push ds
 0068  8B 16 0004 R		    mov dx, keep_ip
 006C  A1 0002 R		    mov ax, keep_cs
 006F  8E D8			    mov ds, ax
 0071  B4 25			    mov ah, 25h
Microsoft (R) Macro Assembler Version 5.10                  12/12/21 22:36:5
                                                             Page     1-3


 0073  B0 16			    mov al, 16h
 0075  CD 21			    int 21h ;восстанавливаем в?
				?ктор
 0077  1F			    pop ds
 0078  FB			    STI
					
 0079  CB			    ret
				
 007A				Main ENDP
 007A				CODE ENDS
				END Main
Microsoft (R) Macro Assembler Version 5.10                  12/12/21 22:36:5
                                                             Symbols-1


Segments and Groups:

                N a m e         	Length	 Align	Combine Class

ASTACK . . . . . . . . . . . . .  	0400	PARA	STACK	
CODE . . . . . . . . . . . . . .  	007A	PARA	NONE	
DATA . . . . . . . . . . . . . .  	0006	PARA	NONE	

Symbols:            

                N a m e         	Type	 Value	 Attr

KEEP_CS  . . . . . . . . . . . .  	L WORD	0002	DATA
KEEP_IP  . . . . . . . . . . . .  	L WORD	0004	DATA

MAIN . . . . . . . . . . . . . .  	F PROC	0034	CODE	Length = 0046

READ_SYMBOL  . . . . . . . . . .  	L NEAR	003D	CODE

SEC  . . . . . . . . . . . . . .  	L BYTE	0000	DATA
SOUND_END  . . . . . . . . . . .  	L NEAR	0028	CODE
SOUND_START  . . . . . . . . . .  	L NEAR	0001	CODE
SUBR_INT . . . . . . . . . . . .  	F PROC	0000	CODE	Length = 0034

TIME . . . . . . . . . . . . . .  	L BYTE	0001	DATA
TIMER  . . . . . . . . . . . . .  	L NEAR	0014	CODE

@CPU . . . . . . . . . . . . . .  	TEXT  0101h		
@FILENAME  . . . . . . . . . . .  	TEXT  lab5		
@VERSION . . . . . . . . . . . .  	TEXT  510		


     98 Source  Lines
     98 Total   Lines
     18 Symbols

  48014 + 459246 Bytes symbol space free

      0 Warning Errors
      0 Severe  Errors
